------------------------------------------------------------
TimeQuest Timing Analyzer Summary
------------------------------------------------------------

Type  : Slow 1200mV 85C Model Setup 'clk'
Slack : -2.794
TNS   : -241.622

Type  : Slow 1200mV 85C Model Setup 'UnidadeDeControleDeEnderecos:UCE|ctrlRegSeg[0]~reg0'
Slack : -1.156
TNS   : -13.516

Type  : Slow 1200mV 85C Model Setup 'UnidadeDeControleDeEnderecos:UCE|habMemoria'
Slack : -0.887
TNS   : -9.962

Type  : Slow 1200mV 85C Model Hold 'UnidadeDeControleDeEnderecos:UCE|ctrlRegSeg[0]~reg0'
Slack : -0.100
TNS   : -0.217

Type  : Slow 1200mV 85C Model Hold 'clk'
Slack : 0.010
TNS   : 0.000

Type  : Slow 1200mV 85C Model Hold 'UnidadeDeControleDeEnderecos:UCE|habMemoria'
Slack : 0.180
TNS   : 0.000

Type  : Slow 1200mV 85C Model Minimum Pulse Width 'clk'
Slack : -3.000
TNS   : -147.000

Type  : Slow 1200mV 85C Model Minimum Pulse Width 'UnidadeDeControleDeEnderecos:UCE|habMemoria'
Slack : 0.378
TNS   : 0.000

Type  : Slow 1200mV 85C Model Minimum Pulse Width 'UnidadeDeControleDeEnderecos:UCE|ctrlRegSeg[0]~reg0'
Slack : 0.387
TNS   : 0.000

Type  : Slow 1200mV 85C Model Minimum Pulse Width 'UnidadeDeControle:UC|ctrlDemuxData'
Slack : 0.389
TNS   : 0.000

Type  : Slow 1200mV 0C Model Setup 'clk'
Slack : -2.433
TNS   : -205.301

Type  : Slow 1200mV 0C Model Setup 'UnidadeDeControleDeEnderecos:UCE|ctrlRegSeg[0]~reg0'
Slack : -0.956
TNS   : -11.350

Type  : Slow 1200mV 0C Model Setup 'UnidadeDeControleDeEnderecos:UCE|habMemoria'
Slack : -0.819
TNS   : -9.457

Type  : Slow 1200mV 0C Model Hold 'UnidadeDeControleDeEnderecos:UCE|ctrlRegSeg[0]~reg0'
Slack : -0.029
TNS   : -0.051

Type  : Slow 1200mV 0C Model Hold 'clk'
Slack : -0.003
TNS   : -0.003

Type  : Slow 1200mV 0C Model Hold 'UnidadeDeControleDeEnderecos:UCE|habMemoria'
Slack : 0.301
TNS   : 0.000

Type  : Slow 1200mV 0C Model Minimum Pulse Width 'clk'
Slack : -3.000
TNS   : -147.000

Type  : Slow 1200mV 0C Model Minimum Pulse Width 'UnidadeDeControleDeEnderecos:UCE|habMemoria'
Slack : 0.430
TNS   : 0.000

Type  : Slow 1200mV 0C Model Minimum Pulse Width 'UnidadeDeControleDeEnderecos:UCE|ctrlRegSeg[0]~reg0'
Slack : 0.434
TNS   : 0.000

Type  : Slow 1200mV 0C Model Minimum Pulse Width 'UnidadeDeControle:UC|ctrlDemuxData'
Slack : 0.459
TNS   : 0.000

Type  : Fast 1200mV 0C Model Setup 'clk'
Slack : -1.110
TNS   : -85.723

Type  : Fast 1200mV 0C Model Setup 'UnidadeDeControleDeEnderecos:UCE|ctrlRegSeg[0]~reg0'
Slack : -0.273
TNS   : -0.621

Type  : Fast 1200mV 0C Model Setup 'UnidadeDeControleDeEnderecos:UCE|habMemoria'
Slack : -0.196
TNS   : -0.540

Type  : Fast 1200mV 0C Model Hold 'UnidadeDeControleDeEnderecos:UCE|ctrlRegSeg[0]~reg0'
Slack : -0.089
TNS   : -0.214

Type  : Fast 1200mV 0C Model Hold 'clk'
Slack : -0.080
TNS   : -0.119

Type  : Fast 1200mV 0C Model Hold 'UnidadeDeControleDeEnderecos:UCE|habMemoria'
Slack : 0.197
TNS   : 0.000

Type  : Fast 1200mV 0C Model Minimum Pulse Width 'clk'
Slack : -3.000
TNS   : -158.262

Type  : Fast 1200mV 0C Model Minimum Pulse Width 'UnidadeDeControleDeEnderecos:UCE|ctrlRegSeg[0]~reg0'
Slack : 0.354
TNS   : 0.000

Type  : Fast 1200mV 0C Model Minimum Pulse Width 'UnidadeDeControle:UC|ctrlDemuxData'
Slack : 0.359
TNS   : 0.000

Type  : Fast 1200mV 0C Model Minimum Pulse Width 'UnidadeDeControleDeEnderecos:UCE|habMemoria'
Slack : 0.361
TNS   : 0.000

------------------------------------------------------------
